<?xml version='1.0' encoding='UTF-8'?>
<command_dictionary>
  <header mission_name="UNKNOWN" version="0.0.1" schema_version="0.0.1">
    <spacecraft_ids>
      <spacecraft_id value="0" />
    </spacecraft_ids>
  </header>
  <enum_definitions>
    <enum_table name="ENUM_0">
      <values>
        <enum symbol="ENUM_VAL_0" numeric="0" />
        <enum symbol="ENUM_VAL_1" numeric="1" />
        <enum symbol="ENUM_VAL_2" numeric="2" />
        <enum symbol="ENUM_VAL_3" numeric="3" />
        <enum symbol="ENUM_VAL_4" numeric="4" />
        <enum symbol="ENUM_VAL_5" numeric="5" />
      </values>
    </enum_table>
  </enum_definitions>
  <command_definitions>
    <fsw_command class="FSW" opcode="0x000001" stem="STEM_001">
      <categories>
        <category name="level" value="0" />
        <category name="type" value="Command" />
        <category name="subsystem" value="Subsystem 1" />
      </categories>
      <description>first stem</description>
      <arguments>
        <enum_arg enum_name="ENUM_0" bit_length="8" name="arg1_u8enum" units="none">
          <description>enum arg1 description</description>
        </enum_arg>
        <unsigned_arg bit_length="8" name="fixed1_u8val" units="none" default_value="1">
          <description>U8 fixed arg 1 description</description>
        </unsigned_arg>
        <unsigned_arg bit_length="16" name="arg2_u16" units="none">
          <description>U16 arg2 description</description>
          <range_of_values>
            <include min="0" max="1000" />
          </range_of_values>
        </unsigned_arg>
        <unsigned_arg bit_length="32" name="arg3_u32_sec" units="seconds">
          <description>U32 arg3 description units of seconds</description>
        </unsigned_arg>
        <unsigned_arg bit_length="32" name="arg4_u32_nanosec" units="nanoseconds">
          <description>U32 arg4 description units of nanoseconds</description>
        </unsigned_arg>
        <unsigned_arg bit_length="64" name="arg5_u64" units="none">
          <description>U64 arg5 description</description>
        </unsigned_arg>
        <unsigned_arg bit_length="32" name="filename_len" units="bytes">
          <description>U32 length of the filename field</description>
        </unsigned_arg>
        <var_string_arg max_bit_length="4096" name="filename" units="string">
          <description>S512 filename</description>
        </var_string_arg>
      </arguments>
    </fsw_command>
    <fsw_command class="FSW" opcode="0x000002" stem="STEM_002">
      <categories>
        <category name="level" value="0" />
        <category name="type" value="Request" />
        <category name="subsystem" value="Subsystem 2" />
      </categories>
      <description>second stem</description>
      <arguments>
        <integer_arg bit_length="8" name="fixarg1_i8" units="none" default_value="-1">
          <description>I8 fixed arg1 description</description>
          <range_of_values>
            <include min="-10" max="10" />
          </range_of_values>
        </integer_arg>
        <integer_arg bit_length="16" name="fixarg2_i16" units="unitless" default_value="32767">
          <description>I16 fixed arg2 description</description>
        </integer_arg>
        <integer_arg bit_length="32" name="fixarg3_i32" units="none" default_value="2147483647">
          <description>I32 fixed arg3 description</description>
        </integer_arg>
        <integer_arg bit_length="64" name="arg1_i64" units="none">
          <description>I64 arg1 description</description>
        </integer_arg>
        <float_arg bit_length="32" name="arg2_f32" units="none">
          <description>F32 arg2 description</description>
        </float_arg>
        <float_arg bit_length="64" name="arg3_d64" units="none">
          <description>D64 arg3 description</description>
        </float_arg>
        <var_string_arg max_bit_length="2040" name="arg4_u8_arr_255" units="none">
          <description>U8 array 255 arg4 description</description>
        </var_string_arg>
      </arguments>
    </fsw_command>
  </command_definitions>
</command_dictionary>
